22:39:17 **** Incremental Build of configuration Debug for project tdse-tp_final ****
make -j2 all 
arm-none-eabi-gcc "../app/src/task_set_up.c" -mcpu=cortex-m3 -std=gnu11 -g3 -DDEBUG -DUSE_HAL_DRIVER -DSTM32F103xB -c -I../Core/Inc -I../Drivers/STM32F1xx_HAL_Driver/Inc -I../Drivers/STM32F1xx_HAL_Driver/Inc/Legacy -I../Drivers/CMSIS/Device/ST/STM32F1xx/Include -I../Drivers/CMSIS/Include -I../app/inc -O0 -ffunction-sections -fdata-sections -Wall -fstack-usage -fcyclomatic-complexity -MMD -MP -MF"app/src/task_set_up.d" -MT"app/src/task_set_up.o" --specs=nano.specs -mfloat-abi=soft -mthumb -o "app/src/task_set_up.o"
../app/src/task_set_up.c: In function 'task_set_up_init':
../app/src/task_set_up.c:138:33: warning: 's' directive writing 1 byte into a region of size between 0 and 4 [-Wformat-overflow=]
  138 |     sprintf(aux1,"Config: %ds %ds", configuracion.tiempo_puerta, configuracion.tiempo_permanencia);
      |                                 ^
../app/src/task_set_up.c:138:5: note: 'sprintf' output between 14 and 18 bytes into a destination of size 16
  138 |     sprintf(aux1,"Config: %ds %ds", configuracion.tiempo_puerta, configuracion.tiempo_permanencia);
      |     ^~~~~~~~~~~~~~~~~~~~~~~~~~~~~~~~~~~~~~~~~~~~~~~~~~~~~~~~~~~~~~~~~~~~~~~~~~~~~~~~~~~~~~~~~~~~~~
../app/src/task_set_up.c: In function 'task_set_up_update':
../app/src/task_set_up.c:301:85: warning: 's' directive writing 1 byte into a region of size between 0 and 4 [-Wformat-overflow=]
  301 |                                                         sprintf(aux1,"Config: %ds %ds",configuracion.tiempo_puerta, configuracion.tiempo_permanencia);
      |                                                                                     ^
../app/src/task_set_up.c:301:57: note: 'sprintf' output between 14 and 18 bytes into a destination of size 16
  301 |                                                         sprintf(aux1,"Config: %ds %ds",configuracion.tiempo_puerta, configuracion.tiempo_permanencia);
      |                                                         ^~~~~~~~~~~~~~~~~~~~~~~~~~~~~~~~~~~~~~~~~~~~~~~~~~~~~~~~~~~~~~~~~~~~~~~~~~~~~~~~~~~~~~~~~~~~~
../app/src/task_set_up.c:280:85: warning: 's' directive writing 1 byte into a region of size between 0 and 4 [-Wformat-overflow=]
  280 |                                                         sprintf(aux1,"Config: %ds %ds",configuracion.tiempo_puerta, configuracion.tiempo_permanencia);
      |                                                                                     ^
../app/src/task_set_up.c:280:57: note: 'sprintf' output between 14 and 18 bytes into a destination of size 16
  280 |                                                         sprintf(aux1,"Config: %ds %ds",configuracion.tiempo_puerta, configuracion.tiempo_permanencia);
      |                                                         ^~~~~~~~~~~~~~~~~~~~~~~~~~~~~~~~~~~~~~~~~~~~~~~~~~~~~~~~~~~~~~~~~~~~~~~~~~~~~~~~~~~~~~~~~~~~~
arm-none-eabi-gcc -o "tdse-tp_final.elf" @"objects.list"  -lrdimon -mcpu=cortex-m3 -T"C:\Users\MBRIS\Desktop\Git\tdse_tp_final\tdse-tp_final\STM32F103RBTX_FLASH.ld" --specs=nosys.specs -Wl,-Map="tdse-tp_final.map" -Wl,--gc-sections -static -specs=rdimon.specs --specs=nano.specs -mfloat-abi=soft -mthumb -Wl,--start-group -lc -lm -Wl,--end-group
C:/ST/STM32CubeIDE_1.16.0/STM32CubeIDE/plugins/com.st.stm32cube.ide.mcu.externaltools.gnu-tools-for-stm32.12.3.rel1.win32_1.0.200.202406191623/tools/bin/../lib/gcc/arm-none-eabi/12.3.1/../../../../arm-none-eabi/bin/ld.exe: warning: tdse-tp_final.elf has a LOAD segment with RWX permissions
Finished building target: tdse-tp_final.elf
 
arm-none-eabi-size  tdse-tp_final.elf 
arm-none-eabi-objdump -h -S tdse-tp_final.elf  > "tdse-tp_final.list"
   text	   data	    bss	    dec	    hex	filename
  30372	    808	   2616	  33796	   8404	tdse-tp_final.elf
Finished building: default.size.stdout
 
Finished building: tdse-tp_final.list
 
22:39:42 **** Incremental Build of configuration Debug for project tdse-tp_final ****
make -j2 all 
arm-none-eabi-size  tdse-tp_final.elf 
   text	   data	    bss	    dec	    hex	filename
  30372	    808	   2616	  33796	   8404	tdse-tp_final.elf
Finished building: default.size.stdout
 
