22:18:02 **** Incremental Build of configuration Debug for project tdse-tp_final ****
make -j2 all 
arm-none-eabi-gcc "../app/src/configuracion.c" -mcpu=cortex-m3 -std=gnu11 -g3 -DDEBUG -DUSE_HAL_DRIVER -DSTM32F103xB -c -I../Core/Inc -I../Drivers/STM32F1xx_HAL_Driver/Inc -I../Drivers/STM32F1xx_HAL_Driver/Inc/Legacy -I../Drivers/CMSIS/Device/ST/STM32F1xx/Include -I../Drivers/CMSIS/Include -I../app/inc -O0 -ffunction-sections -fdata-sections -Wall -fstack-usage -fcyclomatic-complexity -MMD -MP -MF"app/src/configuracion.d" -MT"app/src/configuracion.o" --specs=nano.specs -mfloat-abi=soft -mthumb -o "app/src/configuracion.o"
arm-none-eabi-gcc "../app/src/task_normal.c" -mcpu=cortex-m3 -std=gnu11 -g3 -DDEBUG -DUSE_HAL_DRIVER -DSTM32F103xB -c -I../Core/Inc -I../Drivers/STM32F1xx_HAL_Driver/Inc -I../Drivers/STM32F1xx_HAL_Driver/Inc/Legacy -I../Drivers/CMSIS/Device/ST/STM32F1xx/Include -I../Drivers/CMSIS/Include -I../app/inc -O0 -ffunction-sections -fdata-sections -Wall -fstack-usage -fcyclomatic-complexity -MMD -MP -MF"app/src/task_normal.d" -MT"app/src/task_normal.o" --specs=nano.specs -mfloat-abi=soft -mthumb -o "app/src/task_normal.o"
arm-none-eabi-gcc "../app/src/task_set_up.c" -mcpu=cortex-m3 -std=gnu11 -g3 -DDEBUG -DUSE_HAL_DRIVER -DSTM32F103xB -c -I../Core/Inc -I../Drivers/STM32F1xx_HAL_Driver/Inc -I../Drivers/STM32F1xx_HAL_Driver/Inc/Legacy -I../Drivers/CMSIS/Device/ST/STM32F1xx/Include -I../Drivers/CMSIS/Include -I../app/inc -O0 -ffunction-sections -fdata-sections -Wall -fstack-usage -fcyclomatic-complexity -MMD -MP -MF"app/src/task_set_up.d" -MT"app/src/task_set_up.o" --specs=nano.specs -mfloat-abi=soft -mthumb -o "app/src/task_set_up.o"
../app/src/task_normal.c: In function 'task_normal_init':
../app/src/task_normal.c:91:14: warning: variable 'b_event' set but not used [-Wunused-but-set-variable]
   91 |         bool b_event;
      |              ^~~~~~~
../app/src/task_normal.c:90:33: warning: variable 'event' set but not used [-Wunused-but-set-variable]
   90 |         task_normal_ev_t        event;
      |                                 ^~~~~
../app/src/task_normal.c:89:33: warning: variable 'state' set but not used [-Wunused-but-set-variable]
   89 |         task_normal_st_t        state;
      |                                 ^~~~~
../app/src/task_set_up.c: In function 'task_set_up_init':
../app/src/task_set_up.c:110:14: warning: variable 'b_event' set but not used [-Wunused-but-set-variable]
  110 |         bool b_event;
      |              ^~~~~~~
../app/src/task_set_up.c:109:33: warning: variable 'event' set but not used [-Wunused-but-set-variable]
  109 |         task_set_up_ev_t        event;
      |                                 ^~~~~
../app/src/task_set_up.c:108:33: warning: variable 'state' set but not used [-Wunused-but-set-variable]
  108 |         task_set_up_st_t        state;
      |                                 ^~~~~
arm-none-eabi-gcc -o "tdse-tp_final.elf" @"objects.list"  -lrdimon -mcpu=cortex-m3 -T"C:\Users\MBRIS\Desktop\Git\tdse_tp_final\tdse-tp_final\STM32F103RBTX_FLASH.ld" --specs=nosys.specs -Wl,-Map="tdse-tp_final.map" -Wl,--gc-sections -static -specs=rdimon.specs --specs=nano.specs -mfloat-abi=soft -mthumb -Wl,--start-group -lc -lm -Wl,--end-group
C:/ST/STM32CubeIDE_1.16.0/STM32CubeIDE/plugins/com.st.stm32cube.ide.mcu.externaltools.gnu-tools-for-stm32.12.3.rel1.win32_1.0.200.202406191623/tools/bin/../lib/gcc/arm-none-eabi/12.3.1/../../../../arm-none-eabi/bin/ld.exe: warning: tdse-tp_final.elf has a LOAD segment with RWX permissions
Finished building target: tdse-tp_final.elf
 
arm-none-eabi-size  tdse-tp_final.elf 
arm-none-eabi-objdump -h -S tdse-tp_final.elf  > "tdse-tp_final.list"
   text	   data	    bss	    dec	    hex	filename
  25592	    760	   2544	  28896	   70e0	tdse-tp_final.elf
Finished building: default.size.stdout
 
Finished building: tdse-tp_final.list
 
22:18:25 **** Incremental Build of configuration Debug for project tdse-tp_final ****
make -j2 all 
arm-none-eabi-size  tdse-tp_final.elf 
   text	   data	    bss	    dec	    hex	filename
  25592	    760	   2544	  28896	   70e0	tdse-tp_final.elf
Finished building: default.size.stdout
 
22:18:39 **** Incremental Build of configuration Debug for project tdse-tp_final ****
make -j2 all 
arm-none-eabi-size  tdse-tp_final.elf 
   text	   data	    bss	    dec	    hex	filename
  25592	    760	   2544	  28896	   70e0	tdse-tp_final.elf
Finished building: default.size.stdout
 
22:18:42 **** Incremental Build of configuration Debug for project tdse-tp_final ****
make -j2 all 
arm-none-eabi-size  tdse-tp_final.elf 
   text	   data	    bss	    dec	    hex	filename
  25592	    760	   2544	  28896	   70e0	tdse-tp_final.elf
Finished building: default.size.stdout
 
